Copyright 1986-2022 Xilinx, Inc. All Rights Reserved. Copyright 2022-2023 Advanced Micro Devices, Inc. All Rights Reserved.
--------------------------------------------------------------------------------------------------------------------------------------------------------------------------------------
| Tool Version : Vivado v.2023.2 (win64) Build 4029153 Fri Oct 13 20:14:34 MDT 2023
| Date         : Sun Mar 31 16:33:06 2024
| Host         : LAPTOP-81E1PH83 running 64-bit major release  (build 9200)
| Command      : report_methodology -file design_1_wrapper_methodology_drc_routed.rpt -pb design_1_wrapper_methodology_drc_routed.pb -rpx design_1_wrapper_methodology_drc_routed.rpx
| Design       : design_1_wrapper
| Device       : xczu9eg-ffvb1156-2-e
| Speed File   : -2
| Design State : Fully Routed
--------------------------------------------------------------------------------------------------------------------------------------------------------------------------------------

Report Methodology

Table of Contents
-----------------
1. REPORT SUMMARY
2. REPORT DETAILS

1. REPORT SUMMARY
-----------------
            Netlist: netlist
          Floorplan: design_1
      Design limits: <entire design considered>
             Max violations: <unlimited>
             Violations found: 261
+-----------+----------+-------------------------------+------------+
| Rule      | Severity | Description                   | Violations |
+-----------+----------+-------------------------------+------------+
| LUTAR-1   | Warning  | LUT drives async reset alert  | 5          |
| TIMING-18 | Warning  | Missing input or output delay | 256        |
+-----------+----------+-------------------------------+------------+

2. REPORT DETAILS
-----------------
LUTAR-1#1 Warning
LUT drives async reset alert  
LUT cell dbg_hub/inst/BSCANID.u_xsdbm_id/CORE_XSDB.UUT_MASTER/U_ICON_INTERFACE/U_CMD6_RD/U_RD_FIFO/SUBCORE_FIFO.xsdbm_v3_0_0_rdfifo_inst/inst_fifo_gen/gconvfifo.rf/grf.rf/rstblk/ngwrdrst.grst.g7serrst.gwrrd_rst_sync_stage[2].rrst_inst/ngwrdrst.grst.g7serrst.rd_rst_reg[2]_i_1, with 2 or more inputs, drives asynchronous preset/clear pin(s) dbg_hub/inst/BSCANID.u_xsdbm_id/CORE_XSDB.UUT_MASTER/U_ICON_INTERFACE/U_CMD6_RD/U_RD_FIFO/SUBCORE_FIFO.xsdbm_v3_0_0_rdfifo_inst/inst_fifo_gen/gconvfifo.rf/grf.rf/rstblk/ngwrdrst.grst.g7serrst.rd_rst_reg_reg[0]/PRE,
dbg_hub/inst/BSCANID.u_xsdbm_id/CORE_XSDB.UUT_MASTER/U_ICON_INTERFACE/U_CMD6_RD/U_RD_FIFO/SUBCORE_FIFO.xsdbm_v3_0_0_rdfifo_inst/inst_fifo_gen/gconvfifo.rf/grf.rf/rstblk/ngwrdrst.grst.g7serrst.rd_rst_reg_reg[1]/PRE
dbg_hub/inst/BSCANID.u_xsdbm_id/CORE_XSDB.UUT_MASTER/U_ICON_INTERFACE/U_CMD6_RD/U_RD_FIFO/SUBCORE_FIFO.xsdbm_v3_0_0_rdfifo_inst/inst_fifo_gen/gconvfifo.rf/grf.rf/rstblk/ngwrdrst.grst.g7serrst.rd_rst_reg_reg[2]/PRE. The LUT may glitch and trigger an unexpected reset, even if it is a properly timed path.
Related violations: <none>

LUTAR-1#2 Warning
LUT drives async reset alert  
LUT cell dbg_hub/inst/BSCANID.u_xsdbm_id/CORE_XSDB.UUT_MASTER/U_ICON_INTERFACE/U_CMD6_RD/U_RD_FIFO/SUBCORE_FIFO.xsdbm_v3_0_0_rdfifo_inst/inst_fifo_gen/gconvfifo.rf/grf.rf/rstblk/ngwrdrst.grst.g7serrst.gwrrd_rst_sync_stage[2].wrst_inst/ngwrdrst.grst.g7serrst.wr_rst_reg[2]_i_1, with 2 or more inputs, drives asynchronous preset/clear pin(s) dbg_hub/inst/BSCANID.u_xsdbm_id/CORE_XSDB.UUT_MASTER/U_ICON_INTERFACE/U_CMD6_RD/U_RD_FIFO/SUBCORE_FIFO.xsdbm_v3_0_0_rdfifo_inst/inst_fifo_gen/gconvfifo.rf/grf.rf/rstblk/ngwrdrst.grst.g7serrst.wr_rst_reg_reg[0]/PRE,
dbg_hub/inst/BSCANID.u_xsdbm_id/CORE_XSDB.UUT_MASTER/U_ICON_INTERFACE/U_CMD6_RD/U_RD_FIFO/SUBCORE_FIFO.xsdbm_v3_0_0_rdfifo_inst/inst_fifo_gen/gconvfifo.rf/grf.rf/rstblk/ngwrdrst.grst.g7serrst.wr_rst_reg_reg[1]/PRE
dbg_hub/inst/BSCANID.u_xsdbm_id/CORE_XSDB.UUT_MASTER/U_ICON_INTERFACE/U_CMD6_RD/U_RD_FIFO/SUBCORE_FIFO.xsdbm_v3_0_0_rdfifo_inst/inst_fifo_gen/gconvfifo.rf/grf.rf/rstblk/ngwrdrst.grst.g7serrst.wr_rst_reg_reg[2]/PRE. The LUT may glitch and trigger an unexpected reset, even if it is a properly timed path.
Related violations: <none>

LUTAR-1#3 Warning
LUT drives async reset alert  
LUT cell dbg_hub/inst/BSCANID.u_xsdbm_id/CORE_XSDB.UUT_MASTER/U_ICON_INTERFACE/U_CMD6_WR/U_WR_FIFO/SUBCORE_FIFO.xsdbm_v3_0_0_wrfifo_inst/inst_fifo_gen/gconvfifo.rf/grf.rf/rstblk/ngwrdrst.grst.g7serrst.gwrrd_rst_sync_stage[2].rrst_inst/ngwrdrst.grst.g7serrst.rd_rst_reg[2]_i_1, with 2 or more inputs, drives asynchronous preset/clear pin(s) dbg_hub/inst/BSCANID.u_xsdbm_id/CORE_XSDB.UUT_MASTER/U_ICON_INTERFACE/U_CMD6_WR/U_WR_FIFO/SUBCORE_FIFO.xsdbm_v3_0_0_wrfifo_inst/inst_fifo_gen/gconvfifo.rf/grf.rf/rstblk/ngwrdrst.grst.g7serrst.rd_rst_reg_reg[0]/PRE,
dbg_hub/inst/BSCANID.u_xsdbm_id/CORE_XSDB.UUT_MASTER/U_ICON_INTERFACE/U_CMD6_WR/U_WR_FIFO/SUBCORE_FIFO.xsdbm_v3_0_0_wrfifo_inst/inst_fifo_gen/gconvfifo.rf/grf.rf/rstblk/ngwrdrst.grst.g7serrst.rd_rst_reg_reg[1]/PRE
dbg_hub/inst/BSCANID.u_xsdbm_id/CORE_XSDB.UUT_MASTER/U_ICON_INTERFACE/U_CMD6_WR/U_WR_FIFO/SUBCORE_FIFO.xsdbm_v3_0_0_wrfifo_inst/inst_fifo_gen/gconvfifo.rf/grf.rf/rstblk/ngwrdrst.grst.g7serrst.rd_rst_reg_reg[2]/PRE. The LUT may glitch and trigger an unexpected reset, even if it is a properly timed path.
Related violations: <none>

LUTAR-1#4 Warning
LUT drives async reset alert  
LUT cell dbg_hub/inst/BSCANID.u_xsdbm_id/CORE_XSDB.UUT_MASTER/U_ICON_INTERFACE/U_CMD6_WR/U_WR_FIFO/SUBCORE_FIFO.xsdbm_v3_0_0_wrfifo_inst/inst_fifo_gen/gconvfifo.rf/grf.rf/rstblk/ngwrdrst.grst.g7serrst.gwrrd_rst_sync_stage[2].wrst_inst/ngwrdrst.grst.g7serrst.wr_rst_reg[2]_i_1, with 2 or more inputs, drives asynchronous preset/clear pin(s) dbg_hub/inst/BSCANID.u_xsdbm_id/CORE_XSDB.UUT_MASTER/U_ICON_INTERFACE/U_CMD6_WR/U_WR_FIFO/SUBCORE_FIFO.xsdbm_v3_0_0_wrfifo_inst/inst_fifo_gen/gconvfifo.rf/grf.rf/rstblk/ngwrdrst.grst.g7serrst.wr_rst_reg_reg[0]/PRE,
dbg_hub/inst/BSCANID.u_xsdbm_id/CORE_XSDB.UUT_MASTER/U_ICON_INTERFACE/U_CMD6_WR/U_WR_FIFO/SUBCORE_FIFO.xsdbm_v3_0_0_wrfifo_inst/inst_fifo_gen/gconvfifo.rf/grf.rf/rstblk/ngwrdrst.grst.g7serrst.wr_rst_reg_reg[1]/PRE
dbg_hub/inst/BSCANID.u_xsdbm_id/CORE_XSDB.UUT_MASTER/U_ICON_INTERFACE/U_CMD6_WR/U_WR_FIFO/SUBCORE_FIFO.xsdbm_v3_0_0_wrfifo_inst/inst_fifo_gen/gconvfifo.rf/grf.rf/rstblk/ngwrdrst.grst.g7serrst.wr_rst_reg_reg[2]/PRE. The LUT may glitch and trigger an unexpected reset, even if it is a properly timed path.
Related violations: <none>

LUTAR-1#5 Warning
LUT drives async reset alert  
LUT cell dbg_hub/inst/BSCANID.u_xsdbm_id/SWITCH_N_EXT_BSCAN.bscan_switch/m_bscan_sel[0]_INST_0, with 2 or more inputs, drives asynchronous preset/clear pin(s) dbg_hub/inst/BSCANID.u_xsdbm_id/CORE_XSDB.U_ICON/U_CMD/iTARGET_reg[10]/CLR,
dbg_hub/inst/BSCANID.u_xsdbm_id/CORE_XSDB.U_ICON/U_CMD/iTARGET_reg[11]/CLR,
dbg_hub/inst/BSCANID.u_xsdbm_id/CORE_XSDB.U_ICON/U_CMD/iTARGET_reg[12]/CLR,
dbg_hub/inst/BSCANID.u_xsdbm_id/CORE_XSDB.U_ICON/U_CMD/iTARGET_reg[13]/CLR,
dbg_hub/inst/BSCANID.u_xsdbm_id/CORE_XSDB.U_ICON/U_CMD/iTARGET_reg[14]/CLR,
dbg_hub/inst/BSCANID.u_xsdbm_id/CORE_XSDB.U_ICON/U_CMD/iTARGET_reg[15]/CLR,
dbg_hub/inst/BSCANID.u_xsdbm_id/CORE_XSDB.U_ICON/U_CMD/iTARGET_reg[6]/CLR,
dbg_hub/inst/BSCANID.u_xsdbm_id/CORE_XSDB.U_ICON/U_CMD/iTARGET_reg[7]/CLR,
dbg_hub/inst/BSCANID.u_xsdbm_id/CORE_XSDB.U_ICON/U_CMD/iTARGET_reg[8]/CLR
dbg_hub/inst/BSCANID.u_xsdbm_id/CORE_XSDB.U_ICON/U_CMD/iTARGET_reg[9]/CLR. The LUT may glitch and trigger an unexpected reset, even if it is a properly timed path.
Related violations: <none>

TIMING-18#1 Warning
Missing input or output delay  
An output delay is missing on dout_0[0] relative to the rising and/or falling clock edge(s) of clk_pl_0.
Related violations: <none>

TIMING-18#2 Warning
Missing input or output delay  
An output delay is missing on dout_0[100] relative to the rising and/or falling clock edge(s) of clk_pl_0.
Related violations: <none>

TIMING-18#3 Warning
Missing input or output delay  
An output delay is missing on dout_0[101] relative to the rising and/or falling clock edge(s) of clk_pl_0.
Related violations: <none>

TIMING-18#4 Warning
Missing input or output delay  
An output delay is missing on dout_0[102] relative to the rising and/or falling clock edge(s) of clk_pl_0.
Related violations: <none>

TIMING-18#5 Warning
Missing input or output delay  
An output delay is missing on dout_0[103] relative to the rising and/or falling clock edge(s) of clk_pl_0.
Related violations: <none>

TIMING-18#6 Warning
Missing input or output delay  
An output delay is missing on dout_0[104] relative to the rising and/or falling clock edge(s) of clk_pl_0.
Related violations: <none>

TIMING-18#7 Warning
Missing input or output delay  
An output delay is missing on dout_0[105] relative to the rising and/or falling clock edge(s) of clk_pl_0.
Related violations: <none>

TIMING-18#8 Warning
Missing input or output delay  
An output delay is missing on dout_0[106] relative to the rising and/or falling clock edge(s) of clk_pl_0.
Related violations: <none>

TIMING-18#9 Warning
Missing input or output delay  
An output delay is missing on dout_0[107] relative to the rising and/or falling clock edge(s) of clk_pl_0.
Related violations: <none>

TIMING-18#10 Warning
Missing input or output delay  
An output delay is missing on dout_0[108] relative to the rising and/or falling clock edge(s) of clk_pl_0.
Related violations: <none>

TIMING-18#11 Warning
Missing input or output delay  
An output delay is missing on dout_0[109] relative to the rising and/or falling clock edge(s) of clk_pl_0.
Related violations: <none>

TIMING-18#12 Warning
Missing input or output delay  
An output delay is missing on dout_0[10] relative to the rising and/or falling clock edge(s) of clk_pl_0.
Related violations: <none>

TIMING-18#13 Warning
Missing input or output delay  
An output delay is missing on dout_0[110] relative to the rising and/or falling clock edge(s) of clk_pl_0.
Related violations: <none>

TIMING-18#14 Warning
Missing input or output delay  
An output delay is missing on dout_0[111] relative to the rising and/or falling clock edge(s) of clk_pl_0.
Related violations: <none>

TIMING-18#15 Warning
Missing input or output delay  
An output delay is missing on dout_0[112] relative to the rising and/or falling clock edge(s) of clk_pl_0.
Related violations: <none>

TIMING-18#16 Warning
Missing input or output delay  
An output delay is missing on dout_0[113] relative to the rising and/or falling clock edge(s) of clk_pl_0.
Related violations: <none>

TIMING-18#17 Warning
Missing input or output delay  
An output delay is missing on dout_0[114] relative to the rising and/or falling clock edge(s) of clk_pl_0.
Related violations: <none>

TIMING-18#18 Warning
Missing input or output delay  
An output delay is missing on dout_0[115] relative to the rising and/or falling clock edge(s) of clk_pl_0.
Related violations: <none>

TIMING-18#19 Warning
Missing input or output delay  
An output delay is missing on dout_0[116] relative to the rising and/or falling clock edge(s) of clk_pl_0.
Related violations: <none>

TIMING-18#20 Warning
Missing input or output delay  
An output delay is missing on dout_0[117] relative to the rising and/or falling clock edge(s) of clk_pl_0.
Related violations: <none>

TIMING-18#21 Warning
Missing input or output delay  
An output delay is missing on dout_0[118] relative to the rising and/or falling clock edge(s) of clk_pl_0.
Related violations: <none>

TIMING-18#22 Warning
Missing input or output delay  
An output delay is missing on dout_0[119] relative to the rising and/or falling clock edge(s) of clk_pl_0.
Related violations: <none>

TIMING-18#23 Warning
Missing input or output delay  
An output delay is missing on dout_0[11] relative to the rising and/or falling clock edge(s) of clk_pl_0.
Related violations: <none>

TIMING-18#24 Warning
Missing input or output delay  
An output delay is missing on dout_0[120] relative to the rising and/or falling clock edge(s) of clk_pl_0.
Related violations: <none>

TIMING-18#25 Warning
Missing input or output delay  
An output delay is missing on dout_0[121] relative to the rising and/or falling clock edge(s) of clk_pl_0.
Related violations: <none>

TIMING-18#26 Warning
Missing input or output delay  
An output delay is missing on dout_0[122] relative to the rising and/or falling clock edge(s) of clk_pl_0.
Related violations: <none>

TIMING-18#27 Warning
Missing input or output delay  
An output delay is missing on dout_0[123] relative to the rising and/or falling clock edge(s) of clk_pl_0.
Related violations: <none>

TIMING-18#28 Warning
Missing input or output delay  
An output delay is missing on dout_0[124] relative to the rising and/or falling clock edge(s) of clk_pl_0.
Related violations: <none>

TIMING-18#29 Warning
Missing input or output delay  
An output delay is missing on dout_0[125] relative to the rising and/or falling clock edge(s) of clk_pl_0.
Related violations: <none>

TIMING-18#30 Warning
Missing input or output delay  
An output delay is missing on dout_0[126] relative to the rising and/or falling clock edge(s) of clk_pl_0.
Related violations: <none>

TIMING-18#31 Warning
Missing input or output delay  
An output delay is missing on dout_0[127] relative to the rising and/or falling clock edge(s) of clk_pl_0.
Related violations: <none>

TIMING-18#32 Warning
Missing input or output delay  
An output delay is missing on dout_0[128] relative to the rising and/or falling clock edge(s) of clk_pl_0.
Related violations: <none>

TIMING-18#33 Warning
Missing input or output delay  
An output delay is missing on dout_0[129] relative to the rising and/or falling clock edge(s) of clk_pl_0.
Related violations: <none>

TIMING-18#34 Warning
Missing input or output delay  
An output delay is missing on dout_0[12] relative to the rising and/or falling clock edge(s) of clk_pl_0.
Related violations: <none>

TIMING-18#35 Warning
Missing input or output delay  
An output delay is missing on dout_0[130] relative to the rising and/or falling clock edge(s) of clk_pl_0.
Related violations: <none>

TIMING-18#36 Warning
Missing input or output delay  
An output delay is missing on dout_0[131] relative to the rising and/or falling clock edge(s) of clk_pl_0.
Related violations: <none>

TIMING-18#37 Warning
Missing input or output delay  
An output delay is missing on dout_0[132] relative to the rising and/or falling clock edge(s) of clk_pl_0.
Related violations: <none>

TIMING-18#38 Warning
Missing input or output delay  
An output delay is missing on dout_0[133] relative to the rising and/or falling clock edge(s) of clk_pl_0.
Related violations: <none>

TIMING-18#39 Warning
Missing input or output delay  
An output delay is missing on dout_0[134] relative to the rising and/or falling clock edge(s) of clk_pl_0.
Related violations: <none>

TIMING-18#40 Warning
Missing input or output delay  
An output delay is missing on dout_0[135] relative to the rising and/or falling clock edge(s) of clk_pl_0.
Related violations: <none>

TIMING-18#41 Warning
Missing input or output delay  
An output delay is missing on dout_0[136] relative to the rising and/or falling clock edge(s) of clk_pl_0.
Related violations: <none>

TIMING-18#42 Warning
Missing input or output delay  
An output delay is missing on dout_0[137] relative to the rising and/or falling clock edge(s) of clk_pl_0.
Related violations: <none>

TIMING-18#43 Warning
Missing input or output delay  
An output delay is missing on dout_0[138] relative to the rising and/or falling clock edge(s) of clk_pl_0.
Related violations: <none>

TIMING-18#44 Warning
Missing input or output delay  
An output delay is missing on dout_0[139] relative to the rising and/or falling clock edge(s) of clk_pl_0.
Related violations: <none>

TIMING-18#45 Warning
Missing input or output delay  
An output delay is missing on dout_0[13] relative to the rising and/or falling clock edge(s) of clk_pl_0.
Related violations: <none>

TIMING-18#46 Warning
Missing input or output delay  
An output delay is missing on dout_0[140] relative to the rising and/or falling clock edge(s) of clk_pl_0.
Related violations: <none>

TIMING-18#47 Warning
Missing input or output delay  
An output delay is missing on dout_0[141] relative to the rising and/or falling clock edge(s) of clk_pl_0.
Related violations: <none>

TIMING-18#48 Warning
Missing input or output delay  
An output delay is missing on dout_0[142] relative to the rising and/or falling clock edge(s) of clk_pl_0.
Related violations: <none>

TIMING-18#49 Warning
Missing input or output delay  
An output delay is missing on dout_0[143] relative to the rising and/or falling clock edge(s) of clk_pl_0.
Related violations: <none>

TIMING-18#50 Warning
Missing input or output delay  
An output delay is missing on dout_0[144] relative to the rising and/or falling clock edge(s) of clk_pl_0.
Related violations: <none>

TIMING-18#51 Warning
Missing input or output delay  
An output delay is missing on dout_0[145] relative to the rising and/or falling clock edge(s) of clk_pl_0.
Related violations: <none>

TIMING-18#52 Warning
Missing input or output delay  
An output delay is missing on dout_0[146] relative to the rising and/or falling clock edge(s) of clk_pl_0.
Related violations: <none>

TIMING-18#53 Warning
Missing input or output delay  
An output delay is missing on dout_0[147] relative to the rising and/or falling clock edge(s) of clk_pl_0.
Related violations: <none>

TIMING-18#54 Warning
Missing input or output delay  
An output delay is missing on dout_0[148] relative to the rising and/or falling clock edge(s) of clk_pl_0.
Related violations: <none>

TIMING-18#55 Warning
Missing input or output delay  
An output delay is missing on dout_0[149] relative to the rising and/or falling clock edge(s) of clk_pl_0.
Related violations: <none>

TIMING-18#56 Warning
Missing input or output delay  
An output delay is missing on dout_0[14] relative to the rising and/or falling clock edge(s) of clk_pl_0.
Related violations: <none>

TIMING-18#57 Warning
Missing input or output delay  
An output delay is missing on dout_0[150] relative to the rising and/or falling clock edge(s) of clk_pl_0.
Related violations: <none>

TIMING-18#58 Warning
Missing input or output delay  
An output delay is missing on dout_0[151] relative to the rising and/or falling clock edge(s) of clk_pl_0.
Related violations: <none>

TIMING-18#59 Warning
Missing input or output delay  
An output delay is missing on dout_0[152] relative to the rising and/or falling clock edge(s) of clk_pl_0.
Related violations: <none>

TIMING-18#60 Warning
Missing input or output delay  
An output delay is missing on dout_0[153] relative to the rising and/or falling clock edge(s) of clk_pl_0.
Related violations: <none>

TIMING-18#61 Warning
Missing input or output delay  
An output delay is missing on dout_0[154] relative to the rising and/or falling clock edge(s) of clk_pl_0.
Related violations: <none>

TIMING-18#62 Warning
Missing input or output delay  
An output delay is missing on dout_0[155] relative to the rising and/or falling clock edge(s) of clk_pl_0.
Related violations: <none>

TIMING-18#63 Warning
Missing input or output delay  
An output delay is missing on dout_0[156] relative to the rising and/or falling clock edge(s) of clk_pl_0.
Related violations: <none>

TIMING-18#64 Warning
Missing input or output delay  
An output delay is missing on dout_0[157] relative to the rising and/or falling clock edge(s) of clk_pl_0.
Related violations: <none>

TIMING-18#65 Warning
Missing input or output delay  
An output delay is missing on dout_0[158] relative to the rising and/or falling clock edge(s) of clk_pl_0.
Related violations: <none>

TIMING-18#66 Warning
Missing input or output delay  
An output delay is missing on dout_0[159] relative to the rising and/or falling clock edge(s) of clk_pl_0.
Related violations: <none>

TIMING-18#67 Warning
Missing input or output delay  
An output delay is missing on dout_0[15] relative to the rising and/or falling clock edge(s) of clk_pl_0.
Related violations: <none>

TIMING-18#68 Warning
Missing input or output delay  
An output delay is missing on dout_0[160] relative to the rising and/or falling clock edge(s) of clk_pl_0.
Related violations: <none>

TIMING-18#69 Warning
Missing input or output delay  
An output delay is missing on dout_0[161] relative to the rising and/or falling clock edge(s) of clk_pl_0.
Related violations: <none>

TIMING-18#70 Warning
Missing input or output delay  
An output delay is missing on dout_0[162] relative to the rising and/or falling clock edge(s) of clk_pl_0.
Related violations: <none>

TIMING-18#71 Warning
Missing input or output delay  
An output delay is missing on dout_0[163] relative to the rising and/or falling clock edge(s) of clk_pl_0.
Related violations: <none>

TIMING-18#72 Warning
Missing input or output delay  
An output delay is missing on dout_0[164] relative to the rising and/or falling clock edge(s) of clk_pl_0.
Related violations: <none>

TIMING-18#73 Warning
Missing input or output delay  
An output delay is missing on dout_0[165] relative to the rising and/or falling clock edge(s) of clk_pl_0.
Related violations: <none>

TIMING-18#74 Warning
Missing input or output delay  
An output delay is missing on dout_0[166] relative to the rising and/or falling clock edge(s) of clk_pl_0.
Related violations: <none>

TIMING-18#75 Warning
Missing input or output delay  
An output delay is missing on dout_0[167] relative to the rising and/or falling clock edge(s) of clk_pl_0.
Related violations: <none>

TIMING-18#76 Warning
Missing input or output delay  
An output delay is missing on dout_0[168] relative to the rising and/or falling clock edge(s) of clk_pl_0.
Related violations: <none>

TIMING-18#77 Warning
Missing input or output delay  
An output delay is missing on dout_0[169] relative to the rising and/or falling clock edge(s) of clk_pl_0.
Related violations: <none>

TIMING-18#78 Warning
Missing input or output delay  
An output delay is missing on dout_0[16] relative to the rising and/or falling clock edge(s) of clk_pl_0.
Related violations: <none>

TIMING-18#79 Warning
Missing input or output delay  
An output delay is missing on dout_0[170] relative to the rising and/or falling clock edge(s) of clk_pl_0.
Related violations: <none>

TIMING-18#80 Warning
Missing input or output delay  
An output delay is missing on dout_0[171] relative to the rising and/or falling clock edge(s) of clk_pl_0.
Related violations: <none>

TIMING-18#81 Warning
Missing input or output delay  
An output delay is missing on dout_0[172] relative to the rising and/or falling clock edge(s) of clk_pl_0.
Related violations: <none>

TIMING-18#82 Warning
Missing input or output delay  
An output delay is missing on dout_0[173] relative to the rising and/or falling clock edge(s) of clk_pl_0.
Related violations: <none>

TIMING-18#83 Warning
Missing input or output delay  
An output delay is missing on dout_0[174] relative to the rising and/or falling clock edge(s) of clk_pl_0.
Related violations: <none>

TIMING-18#84 Warning
Missing input or output delay  
An output delay is missing on dout_0[175] relative to the rising and/or falling clock edge(s) of clk_pl_0.
Related violations: <none>

TIMING-18#85 Warning
Missing input or output delay  
An output delay is missing on dout_0[176] relative to the rising and/or falling clock edge(s) of clk_pl_0.
Related violations: <none>

TIMING-18#86 Warning
Missing input or output delay  
An output delay is missing on dout_0[177] relative to the rising and/or falling clock edge(s) of clk_pl_0.
Related violations: <none>

TIMING-18#87 Warning
Missing input or output delay  
An output delay is missing on dout_0[178] relative to the rising and/or falling clock edge(s) of clk_pl_0.
Related violations: <none>

TIMING-18#88 Warning
Missing input or output delay  
An output delay is missing on dout_0[179] relative to the rising and/or falling clock edge(s) of clk_pl_0.
Related violations: <none>

TIMING-18#89 Warning
Missing input or output delay  
An output delay is missing on dout_0[17] relative to the rising and/or falling clock edge(s) of clk_pl_0.
Related violations: <none>

TIMING-18#90 Warning
Missing input or output delay  
An output delay is missing on dout_0[180] relative to the rising and/or falling clock edge(s) of clk_pl_0.
Related violations: <none>

TIMING-18#91 Warning
Missing input or output delay  
An output delay is missing on dout_0[181] relative to the rising and/or falling clock edge(s) of clk_pl_0.
Related violations: <none>

TIMING-18#92 Warning
Missing input or output delay  
An output delay is missing on dout_0[182] relative to the rising and/or falling clock edge(s) of clk_pl_0.
Related violations: <none>

TIMING-18#93 Warning
Missing input or output delay  
An output delay is missing on dout_0[183] relative to the rising and/or falling clock edge(s) of clk_pl_0.
Related violations: <none>

TIMING-18#94 Warning
Missing input or output delay  
An output delay is missing on dout_0[184] relative to the rising and/or falling clock edge(s) of clk_pl_0.
Related violations: <none>

TIMING-18#95 Warning
Missing input or output delay  
An output delay is missing on dout_0[185] relative to the rising and/or falling clock edge(s) of clk_pl_0.
Related violations: <none>

TIMING-18#96 Warning
Missing input or output delay  
An output delay is missing on dout_0[186] relative to the rising and/or falling clock edge(s) of clk_pl_0.
Related violations: <none>

TIMING-18#97 Warning
Missing input or output delay  
An output delay is missing on dout_0[187] relative to the rising and/or falling clock edge(s) of clk_pl_0.
Related violations: <none>

TIMING-18#98 Warning
Missing input or output delay  
An output delay is missing on dout_0[188] relative to the rising and/or falling clock edge(s) of clk_pl_0.
Related violations: <none>

TIMING-18#99 Warning
Missing input or output delay  
An output delay is missing on dout_0[189] relative to the rising and/or falling clock edge(s) of clk_pl_0.
Related violations: <none>

TIMING-18#100 Warning
Missing input or output delay  
An output delay is missing on dout_0[18] relative to the rising and/or falling clock edge(s) of clk_pl_0.
Related violations: <none>

TIMING-18#101 Warning
Missing input or output delay  
An output delay is missing on dout_0[190] relative to the rising and/or falling clock edge(s) of clk_pl_0.
Related violations: <none>

TIMING-18#102 Warning
Missing input or output delay  
An output delay is missing on dout_0[191] relative to the rising and/or falling clock edge(s) of clk_pl_0.
Related violations: <none>

TIMING-18#103 Warning
Missing input or output delay  
An output delay is missing on dout_0[192] relative to the rising and/or falling clock edge(s) of clk_pl_0.
Related violations: <none>

TIMING-18#104 Warning
Missing input or output delay  
An output delay is missing on dout_0[193] relative to the rising and/or falling clock edge(s) of clk_pl_0.
Related violations: <none>

TIMING-18#105 Warning
Missing input or output delay  
An output delay is missing on dout_0[194] relative to the rising and/or falling clock edge(s) of clk_pl_0.
Related violations: <none>

TIMING-18#106 Warning
Missing input or output delay  
An output delay is missing on dout_0[195] relative to the rising and/or falling clock edge(s) of clk_pl_0.
Related violations: <none>

TIMING-18#107 Warning
Missing input or output delay  
An output delay is missing on dout_0[196] relative to the rising and/or falling clock edge(s) of clk_pl_0.
Related violations: <none>

TIMING-18#108 Warning
Missing input or output delay  
An output delay is missing on dout_0[197] relative to the rising and/or falling clock edge(s) of clk_pl_0.
Related violations: <none>

TIMING-18#109 Warning
Missing input or output delay  
An output delay is missing on dout_0[198] relative to the rising and/or falling clock edge(s) of clk_pl_0.
Related violations: <none>

TIMING-18#110 Warning
Missing input or output delay  
An output delay is missing on dout_0[199] relative to the rising and/or falling clock edge(s) of clk_pl_0.
Related violations: <none>

TIMING-18#111 Warning
Missing input or output delay  
An output delay is missing on dout_0[19] relative to the rising and/or falling clock edge(s) of clk_pl_0.
Related violations: <none>

TIMING-18#112 Warning
Missing input or output delay  
An output delay is missing on dout_0[1] relative to the rising and/or falling clock edge(s) of clk_pl_0.
Related violations: <none>

TIMING-18#113 Warning
Missing input or output delay  
An output delay is missing on dout_0[200] relative to the rising and/or falling clock edge(s) of clk_pl_0.
Related violations: <none>

TIMING-18#114 Warning
Missing input or output delay  
An output delay is missing on dout_0[201] relative to the rising and/or falling clock edge(s) of clk_pl_0.
Related violations: <none>

TIMING-18#115 Warning
Missing input or output delay  
An output delay is missing on dout_0[202] relative to the rising and/or falling clock edge(s) of clk_pl_0.
Related violations: <none>

TIMING-18#116 Warning
Missing input or output delay  
An output delay is missing on dout_0[203] relative to the rising and/or falling clock edge(s) of clk_pl_0.
Related violations: <none>

TIMING-18#117 Warning
Missing input or output delay  
An output delay is missing on dout_0[204] relative to the rising and/or falling clock edge(s) of clk_pl_0.
Related violations: <none>

TIMING-18#118 Warning
Missing input or output delay  
An output delay is missing on dout_0[205] relative to the rising and/or falling clock edge(s) of clk_pl_0.
Related violations: <none>

TIMING-18#119 Warning
Missing input or output delay  
An output delay is missing on dout_0[206] relative to the rising and/or falling clock edge(s) of clk_pl_0.
Related violations: <none>

TIMING-18#120 Warning
Missing input or output delay  
An output delay is missing on dout_0[207] relative to the rising and/or falling clock edge(s) of clk_pl_0.
Related violations: <none>

TIMING-18#121 Warning
Missing input or output delay  
An output delay is missing on dout_0[208] relative to the rising and/or falling clock edge(s) of clk_pl_0.
Related violations: <none>

TIMING-18#122 Warning
Missing input or output delay  
An output delay is missing on dout_0[209] relative to the rising and/or falling clock edge(s) of clk_pl_0.
Related violations: <none>

TIMING-18#123 Warning
Missing input or output delay  
An output delay is missing on dout_0[20] relative to the rising and/or falling clock edge(s) of clk_pl_0.
Related violations: <none>

TIMING-18#124 Warning
Missing input or output delay  
An output delay is missing on dout_0[210] relative to the rising and/or falling clock edge(s) of clk_pl_0.
Related violations: <none>

TIMING-18#125 Warning
Missing input or output delay  
An output delay is missing on dout_0[211] relative to the rising and/or falling clock edge(s) of clk_pl_0.
Related violations: <none>

TIMING-18#126 Warning
Missing input or output delay  
An output delay is missing on dout_0[212] relative to the rising and/or falling clock edge(s) of clk_pl_0.
Related violations: <none>

TIMING-18#127 Warning
Missing input or output delay  
An output delay is missing on dout_0[213] relative to the rising and/or falling clock edge(s) of clk_pl_0.
Related violations: <none>

TIMING-18#128 Warning
Missing input or output delay  
An output delay is missing on dout_0[214] relative to the rising and/or falling clock edge(s) of clk_pl_0.
Related violations: <none>

TIMING-18#129 Warning
Missing input or output delay  
An output delay is missing on dout_0[215] relative to the rising and/or falling clock edge(s) of clk_pl_0.
Related violations: <none>

TIMING-18#130 Warning
Missing input or output delay  
An output delay is missing on dout_0[216] relative to the rising and/or falling clock edge(s) of clk_pl_0.
Related violations: <none>

TIMING-18#131 Warning
Missing input or output delay  
An output delay is missing on dout_0[217] relative to the rising and/or falling clock edge(s) of clk_pl_0.
Related violations: <none>

TIMING-18#132 Warning
Missing input or output delay  
An output delay is missing on dout_0[218] relative to the rising and/or falling clock edge(s) of clk_pl_0.
Related violations: <none>

TIMING-18#133 Warning
Missing input or output delay  
An output delay is missing on dout_0[219] relative to the rising and/or falling clock edge(s) of clk_pl_0.
Related violations: <none>

TIMING-18#134 Warning
Missing input or output delay  
An output delay is missing on dout_0[21] relative to the rising and/or falling clock edge(s) of clk_pl_0.
Related violations: <none>

TIMING-18#135 Warning
Missing input or output delay  
An output delay is missing on dout_0[220] relative to the rising and/or falling clock edge(s) of clk_pl_0.
Related violations: <none>

TIMING-18#136 Warning
Missing input or output delay  
An output delay is missing on dout_0[221] relative to the rising and/or falling clock edge(s) of clk_pl_0.
Related violations: <none>

TIMING-18#137 Warning
Missing input or output delay  
An output delay is missing on dout_0[222] relative to the rising and/or falling clock edge(s) of clk_pl_0.
Related violations: <none>

TIMING-18#138 Warning
Missing input or output delay  
An output delay is missing on dout_0[223] relative to the rising and/or falling clock edge(s) of clk_pl_0.
Related violations: <none>

TIMING-18#139 Warning
Missing input or output delay  
An output delay is missing on dout_0[224] relative to the rising and/or falling clock edge(s) of clk_pl_0.
Related violations: <none>

TIMING-18#140 Warning
Missing input or output delay  
An output delay is missing on dout_0[225] relative to the rising and/or falling clock edge(s) of clk_pl_0.
Related violations: <none>

TIMING-18#141 Warning
Missing input or output delay  
An output delay is missing on dout_0[226] relative to the rising and/or falling clock edge(s) of clk_pl_0.
Related violations: <none>

TIMING-18#142 Warning
Missing input or output delay  
An output delay is missing on dout_0[227] relative to the rising and/or falling clock edge(s) of clk_pl_0.
Related violations: <none>

TIMING-18#143 Warning
Missing input or output delay  
An output delay is missing on dout_0[228] relative to the rising and/or falling clock edge(s) of clk_pl_0.
Related violations: <none>

TIMING-18#144 Warning
Missing input or output delay  
An output delay is missing on dout_0[229] relative to the rising and/or falling clock edge(s) of clk_pl_0.
Related violations: <none>

TIMING-18#145 Warning
Missing input or output delay  
An output delay is missing on dout_0[22] relative to the rising and/or falling clock edge(s) of clk_pl_0.
Related violations: <none>

TIMING-18#146 Warning
Missing input or output delay  
An output delay is missing on dout_0[230] relative to the rising and/or falling clock edge(s) of clk_pl_0.
Related violations: <none>

TIMING-18#147 Warning
Missing input or output delay  
An output delay is missing on dout_0[231] relative to the rising and/or falling clock edge(s) of clk_pl_0.
Related violations: <none>

TIMING-18#148 Warning
Missing input or output delay  
An output delay is missing on dout_0[232] relative to the rising and/or falling clock edge(s) of clk_pl_0.
Related violations: <none>

TIMING-18#149 Warning
Missing input or output delay  
An output delay is missing on dout_0[233] relative to the rising and/or falling clock edge(s) of clk_pl_0.
Related violations: <none>

TIMING-18#150 Warning
Missing input or output delay  
An output delay is missing on dout_0[234] relative to the rising and/or falling clock edge(s) of clk_pl_0.
Related violations: <none>

TIMING-18#151 Warning
Missing input or output delay  
An output delay is missing on dout_0[235] relative to the rising and/or falling clock edge(s) of clk_pl_0.
Related violations: <none>

TIMING-18#152 Warning
Missing input or output delay  
An output delay is missing on dout_0[236] relative to the rising and/or falling clock edge(s) of clk_pl_0.
Related violations: <none>

TIMING-18#153 Warning
Missing input or output delay  
An output delay is missing on dout_0[237] relative to the rising and/or falling clock edge(s) of clk_pl_0.
Related violations: <none>

TIMING-18#154 Warning
Missing input or output delay  
An output delay is missing on dout_0[238] relative to the rising and/or falling clock edge(s) of clk_pl_0.
Related violations: <none>

TIMING-18#155 Warning
Missing input or output delay  
An output delay is missing on dout_0[239] relative to the rising and/or falling clock edge(s) of clk_pl_0.
Related violations: <none>

TIMING-18#156 Warning
Missing input or output delay  
An output delay is missing on dout_0[23] relative to the rising and/or falling clock edge(s) of clk_pl_0.
Related violations: <none>

TIMING-18#157 Warning
Missing input or output delay  
An output delay is missing on dout_0[240] relative to the rising and/or falling clock edge(s) of clk_pl_0.
Related violations: <none>

TIMING-18#158 Warning
Missing input or output delay  
An output delay is missing on dout_0[241] relative to the rising and/or falling clock edge(s) of clk_pl_0.
Related violations: <none>

TIMING-18#159 Warning
Missing input or output delay  
An output delay is missing on dout_0[242] relative to the rising and/or falling clock edge(s) of clk_pl_0.
Related violations: <none>

TIMING-18#160 Warning
Missing input or output delay  
An output delay is missing on dout_0[243] relative to the rising and/or falling clock edge(s) of clk_pl_0.
Related violations: <none>

TIMING-18#161 Warning
Missing input or output delay  
An output delay is missing on dout_0[244] relative to the rising and/or falling clock edge(s) of clk_pl_0.
Related violations: <none>

TIMING-18#162 Warning
Missing input or output delay  
An output delay is missing on dout_0[245] relative to the rising and/or falling clock edge(s) of clk_pl_0.
Related violations: <none>

TIMING-18#163 Warning
Missing input or output delay  
An output delay is missing on dout_0[246] relative to the rising and/or falling clock edge(s) of clk_pl_0.
Related violations: <none>

TIMING-18#164 Warning
Missing input or output delay  
An output delay is missing on dout_0[247] relative to the rising and/or falling clock edge(s) of clk_pl_0.
Related violations: <none>

TIMING-18#165 Warning
Missing input or output delay  
An output delay is missing on dout_0[248] relative to the rising and/or falling clock edge(s) of clk_pl_0.
Related violations: <none>

TIMING-18#166 Warning
Missing input or output delay  
An output delay is missing on dout_0[249] relative to the rising and/or falling clock edge(s) of clk_pl_0.
Related violations: <none>

TIMING-18#167 Warning
Missing input or output delay  
An output delay is missing on dout_0[24] relative to the rising and/or falling clock edge(s) of clk_pl_0.
Related violations: <none>

TIMING-18#168 Warning
Missing input or output delay  
An output delay is missing on dout_0[250] relative to the rising and/or falling clock edge(s) of clk_pl_0.
Related violations: <none>

TIMING-18#169 Warning
Missing input or output delay  
An output delay is missing on dout_0[251] relative to the rising and/or falling clock edge(s) of clk_pl_0.
Related violations: <none>

TIMING-18#170 Warning
Missing input or output delay  
An output delay is missing on dout_0[252] relative to the rising and/or falling clock edge(s) of clk_pl_0.
Related violations: <none>

TIMING-18#171 Warning
Missing input or output delay  
An output delay is missing on dout_0[253] relative to the rising and/or falling clock edge(s) of clk_pl_0.
Related violations: <none>

TIMING-18#172 Warning
Missing input or output delay  
An output delay is missing on dout_0[254] relative to the rising and/or falling clock edge(s) of clk_pl_0.
Related violations: <none>

TIMING-18#173 Warning
Missing input or output delay  
An output delay is missing on dout_0[255] relative to the rising and/or falling clock edge(s) of clk_pl_0.
Related violations: <none>

TIMING-18#174 Warning
Missing input or output delay  
An output delay is missing on dout_0[25] relative to the rising and/or falling clock edge(s) of clk_pl_0.
Related violations: <none>

TIMING-18#175 Warning
Missing input or output delay  
An output delay is missing on dout_0[26] relative to the rising and/or falling clock edge(s) of clk_pl_0.
Related violations: <none>

TIMING-18#176 Warning
Missing input or output delay  
An output delay is missing on dout_0[27] relative to the rising and/or falling clock edge(s) of clk_pl_0.
Related violations: <none>

TIMING-18#177 Warning
Missing input or output delay  
An output delay is missing on dout_0[28] relative to the rising and/or falling clock edge(s) of clk_pl_0.
Related violations: <none>

TIMING-18#178 Warning
Missing input or output delay  
An output delay is missing on dout_0[29] relative to the rising and/or falling clock edge(s) of clk_pl_0.
Related violations: <none>

TIMING-18#179 Warning
Missing input or output delay  
An output delay is missing on dout_0[2] relative to the rising and/or falling clock edge(s) of clk_pl_0.
Related violations: <none>

TIMING-18#180 Warning
Missing input or output delay  
An output delay is missing on dout_0[30] relative to the rising and/or falling clock edge(s) of clk_pl_0.
Related violations: <none>

TIMING-18#181 Warning
Missing input or output delay  
An output delay is missing on dout_0[31] relative to the rising and/or falling clock edge(s) of clk_pl_0.
Related violations: <none>

TIMING-18#182 Warning
Missing input or output delay  
An output delay is missing on dout_0[32] relative to the rising and/or falling clock edge(s) of clk_pl_0.
Related violations: <none>

TIMING-18#183 Warning
Missing input or output delay  
An output delay is missing on dout_0[33] relative to the rising and/or falling clock edge(s) of clk_pl_0.
Related violations: <none>

TIMING-18#184 Warning
Missing input or output delay  
An output delay is missing on dout_0[34] relative to the rising and/or falling clock edge(s) of clk_pl_0.
Related violations: <none>

TIMING-18#185 Warning
Missing input or output delay  
An output delay is missing on dout_0[35] relative to the rising and/or falling clock edge(s) of clk_pl_0.
Related violations: <none>

TIMING-18#186 Warning
Missing input or output delay  
An output delay is missing on dout_0[36] relative to the rising and/or falling clock edge(s) of clk_pl_0.
Related violations: <none>

TIMING-18#187 Warning
Missing input or output delay  
An output delay is missing on dout_0[37] relative to the rising and/or falling clock edge(s) of clk_pl_0.
Related violations: <none>

TIMING-18#188 Warning
Missing input or output delay  
An output delay is missing on dout_0[38] relative to the rising and/or falling clock edge(s) of clk_pl_0.
Related violations: <none>

TIMING-18#189 Warning
Missing input or output delay  
An output delay is missing on dout_0[39] relative to the rising and/or falling clock edge(s) of clk_pl_0.
Related violations: <none>

TIMING-18#190 Warning
Missing input or output delay  
An output delay is missing on dout_0[3] relative to the rising and/or falling clock edge(s) of clk_pl_0.
Related violations: <none>

TIMING-18#191 Warning
Missing input or output delay  
An output delay is missing on dout_0[40] relative to the rising and/or falling clock edge(s) of clk_pl_0.
Related violations: <none>

TIMING-18#192 Warning
Missing input or output delay  
An output delay is missing on dout_0[41] relative to the rising and/or falling clock edge(s) of clk_pl_0.
Related violations: <none>

TIMING-18#193 Warning
Missing input or output delay  
An output delay is missing on dout_0[42] relative to the rising and/or falling clock edge(s) of clk_pl_0.
Related violations: <none>

TIMING-18#194 Warning
Missing input or output delay  
An output delay is missing on dout_0[43] relative to the rising and/or falling clock edge(s) of clk_pl_0.
Related violations: <none>

TIMING-18#195 Warning
Missing input or output delay  
An output delay is missing on dout_0[44] relative to the rising and/or falling clock edge(s) of clk_pl_0.
Related violations: <none>

TIMING-18#196 Warning
Missing input or output delay  
An output delay is missing on dout_0[45] relative to the rising and/or falling clock edge(s) of clk_pl_0.
Related violations: <none>

TIMING-18#197 Warning
Missing input or output delay  
An output delay is missing on dout_0[46] relative to the rising and/or falling clock edge(s) of clk_pl_0.
Related violations: <none>

TIMING-18#198 Warning
Missing input or output delay  
An output delay is missing on dout_0[47] relative to the rising and/or falling clock edge(s) of clk_pl_0.
Related violations: <none>

TIMING-18#199 Warning
Missing input or output delay  
An output delay is missing on dout_0[48] relative to the rising and/or falling clock edge(s) of clk_pl_0.
Related violations: <none>

TIMING-18#200 Warning
Missing input or output delay  
An output delay is missing on dout_0[49] relative to the rising and/or falling clock edge(s) of clk_pl_0.
Related violations: <none>

TIMING-18#201 Warning
Missing input or output delay  
An output delay is missing on dout_0[4] relative to the rising and/or falling clock edge(s) of clk_pl_0.
Related violations: <none>

TIMING-18#202 Warning
Missing input or output delay  
An output delay is missing on dout_0[50] relative to the rising and/or falling clock edge(s) of clk_pl_0.
Related violations: <none>

TIMING-18#203 Warning
Missing input or output delay  
An output delay is missing on dout_0[51] relative to the rising and/or falling clock edge(s) of clk_pl_0.
Related violations: <none>

TIMING-18#204 Warning
Missing input or output delay  
An output delay is missing on dout_0[52] relative to the rising and/or falling clock edge(s) of clk_pl_0.
Related violations: <none>

TIMING-18#205 Warning
Missing input or output delay  
An output delay is missing on dout_0[53] relative to the rising and/or falling clock edge(s) of clk_pl_0.
Related violations: <none>

TIMING-18#206 Warning
Missing input or output delay  
An output delay is missing on dout_0[54] relative to the rising and/or falling clock edge(s) of clk_pl_0.
Related violations: <none>

TIMING-18#207 Warning
Missing input or output delay  
An output delay is missing on dout_0[55] relative to the rising and/or falling clock edge(s) of clk_pl_0.
Related violations: <none>

TIMING-18#208 Warning
Missing input or output delay  
An output delay is missing on dout_0[56] relative to the rising and/or falling clock edge(s) of clk_pl_0.
Related violations: <none>

TIMING-18#209 Warning
Missing input or output delay  
An output delay is missing on dout_0[57] relative to the rising and/or falling clock edge(s) of clk_pl_0.
Related violations: <none>

TIMING-18#210 Warning
Missing input or output delay  
An output delay is missing on dout_0[58] relative to the rising and/or falling clock edge(s) of clk_pl_0.
Related violations: <none>

TIMING-18#211 Warning
Missing input or output delay  
An output delay is missing on dout_0[59] relative to the rising and/or falling clock edge(s) of clk_pl_0.
Related violations: <none>

TIMING-18#212 Warning
Missing input or output delay  
An output delay is missing on dout_0[5] relative to the rising and/or falling clock edge(s) of clk_pl_0.
Related violations: <none>

TIMING-18#213 Warning
Missing input or output delay  
An output delay is missing on dout_0[60] relative to the rising and/or falling clock edge(s) of clk_pl_0.
Related violations: <none>

TIMING-18#214 Warning
Missing input or output delay  
An output delay is missing on dout_0[61] relative to the rising and/or falling clock edge(s) of clk_pl_0.
Related violations: <none>

TIMING-18#215 Warning
Missing input or output delay  
An output delay is missing on dout_0[62] relative to the rising and/or falling clock edge(s) of clk_pl_0.
Related violations: <none>

TIMING-18#216 Warning
Missing input or output delay  
An output delay is missing on dout_0[63] relative to the rising and/or falling clock edge(s) of clk_pl_0.
Related violations: <none>

TIMING-18#217 Warning
Missing input or output delay  
An output delay is missing on dout_0[64] relative to the rising and/or falling clock edge(s) of clk_pl_0.
Related violations: <none>

TIMING-18#218 Warning
Missing input or output delay  
An output delay is missing on dout_0[65] relative to the rising and/or falling clock edge(s) of clk_pl_0.
Related violations: <none>

TIMING-18#219 Warning
Missing input or output delay  
An output delay is missing on dout_0[66] relative to the rising and/or falling clock edge(s) of clk_pl_0.
Related violations: <none>

TIMING-18#220 Warning
Missing input or output delay  
An output delay is missing on dout_0[67] relative to the rising and/or falling clock edge(s) of clk_pl_0.
Related violations: <none>

TIMING-18#221 Warning
Missing input or output delay  
An output delay is missing on dout_0[68] relative to the rising and/or falling clock edge(s) of clk_pl_0.
Related violations: <none>

TIMING-18#222 Warning
Missing input or output delay  
An output delay is missing on dout_0[69] relative to the rising and/or falling clock edge(s) of clk_pl_0.
Related violations: <none>

TIMING-18#223 Warning
Missing input or output delay  
An output delay is missing on dout_0[6] relative to the rising and/or falling clock edge(s) of clk_pl_0.
Related violations: <none>

TIMING-18#224 Warning
Missing input or output delay  
An output delay is missing on dout_0[70] relative to the rising and/or falling clock edge(s) of clk_pl_0.
Related violations: <none>

TIMING-18#225 Warning
Missing input or output delay  
An output delay is missing on dout_0[71] relative to the rising and/or falling clock edge(s) of clk_pl_0.
Related violations: <none>

TIMING-18#226 Warning
Missing input or output delay  
An output delay is missing on dout_0[72] relative to the rising and/or falling clock edge(s) of clk_pl_0.
Related violations: <none>

TIMING-18#227 Warning
Missing input or output delay  
An output delay is missing on dout_0[73] relative to the rising and/or falling clock edge(s) of clk_pl_0.
Related violations: <none>

TIMING-18#228 Warning
Missing input or output delay  
An output delay is missing on dout_0[74] relative to the rising and/or falling clock edge(s) of clk_pl_0.
Related violations: <none>

TIMING-18#229 Warning
Missing input or output delay  
An output delay is missing on dout_0[75] relative to the rising and/or falling clock edge(s) of clk_pl_0.
Related violations: <none>

TIMING-18#230 Warning
Missing input or output delay  
An output delay is missing on dout_0[76] relative to the rising and/or falling clock edge(s) of clk_pl_0.
Related violations: <none>

TIMING-18#231 Warning
Missing input or output delay  
An output delay is missing on dout_0[77] relative to the rising and/or falling clock edge(s) of clk_pl_0.
Related violations: <none>

TIMING-18#232 Warning
Missing input or output delay  
An output delay is missing on dout_0[78] relative to the rising and/or falling clock edge(s) of clk_pl_0.
Related violations: <none>

TIMING-18#233 Warning
Missing input or output delay  
An output delay is missing on dout_0[79] relative to the rising and/or falling clock edge(s) of clk_pl_0.
Related violations: <none>

TIMING-18#234 Warning
Missing input or output delay  
An output delay is missing on dout_0[7] relative to the rising and/or falling clock edge(s) of clk_pl_0.
Related violations: <none>

TIMING-18#235 Warning
Missing input or output delay  
An output delay is missing on dout_0[80] relative to the rising and/or falling clock edge(s) of clk_pl_0.
Related violations: <none>

TIMING-18#236 Warning
Missing input or output delay  
An output delay is missing on dout_0[81] relative to the rising and/or falling clock edge(s) of clk_pl_0.
Related violations: <none>

TIMING-18#237 Warning
Missing input or output delay  
An output delay is missing on dout_0[82] relative to the rising and/or falling clock edge(s) of clk_pl_0.
Related violations: <none>

TIMING-18#238 Warning
Missing input or output delay  
An output delay is missing on dout_0[83] relative to the rising and/or falling clock edge(s) of clk_pl_0.
Related violations: <none>

TIMING-18#239 Warning
Missing input or output delay  
An output delay is missing on dout_0[84] relative to the rising and/or falling clock edge(s) of clk_pl_0.
Related violations: <none>

TIMING-18#240 Warning
Missing input or output delay  
An output delay is missing on dout_0[85] relative to the rising and/or falling clock edge(s) of clk_pl_0.
Related violations: <none>

TIMING-18#241 Warning
Missing input or output delay  
An output delay is missing on dout_0[86] relative to the rising and/or falling clock edge(s) of clk_pl_0.
Related violations: <none>

TIMING-18#242 Warning
Missing input or output delay  
An output delay is missing on dout_0[87] relative to the rising and/or falling clock edge(s) of clk_pl_0.
Related violations: <none>

TIMING-18#243 Warning
Missing input or output delay  
An output delay is missing on dout_0[88] relative to the rising and/or falling clock edge(s) of clk_pl_0.
Related violations: <none>

TIMING-18#244 Warning
Missing input or output delay  
An output delay is missing on dout_0[89] relative to the rising and/or falling clock edge(s) of clk_pl_0.
Related violations: <none>

TIMING-18#245 Warning
Missing input or output delay  
An output delay is missing on dout_0[8] relative to the rising and/or falling clock edge(s) of clk_pl_0.
Related violations: <none>

TIMING-18#246 Warning
Missing input or output delay  
An output delay is missing on dout_0[90] relative to the rising and/or falling clock edge(s) of clk_pl_0.
Related violations: <none>

TIMING-18#247 Warning
Missing input or output delay  
An output delay is missing on dout_0[91] relative to the rising and/or falling clock edge(s) of clk_pl_0.
Related violations: <none>

TIMING-18#248 Warning
Missing input or output delay  
An output delay is missing on dout_0[92] relative to the rising and/or falling clock edge(s) of clk_pl_0.
Related violations: <none>

TIMING-18#249 Warning
Missing input or output delay  
An output delay is missing on dout_0[93] relative to the rising and/or falling clock edge(s) of clk_pl_0.
Related violations: <none>

TIMING-18#250 Warning
Missing input or output delay  
An output delay is missing on dout_0[94] relative to the rising and/or falling clock edge(s) of clk_pl_0.
Related violations: <none>

TIMING-18#251 Warning
Missing input or output delay  
An output delay is missing on dout_0[95] relative to the rising and/or falling clock edge(s) of clk_pl_0.
Related violations: <none>

TIMING-18#252 Warning
Missing input or output delay  
An output delay is missing on dout_0[96] relative to the rising and/or falling clock edge(s) of clk_pl_0.
Related violations: <none>

TIMING-18#253 Warning
Missing input or output delay  
An output delay is missing on dout_0[97] relative to the rising and/or falling clock edge(s) of clk_pl_0.
Related violations: <none>

TIMING-18#254 Warning
Missing input or output delay  
An output delay is missing on dout_0[98] relative to the rising and/or falling clock edge(s) of clk_pl_0.
Related violations: <none>

TIMING-18#255 Warning
Missing input or output delay  
An output delay is missing on dout_0[99] relative to the rising and/or falling clock edge(s) of clk_pl_0.
Related violations: <none>

TIMING-18#256 Warning
Missing input or output delay  
An output delay is missing on dout_0[9] relative to the rising and/or falling clock edge(s) of clk_pl_0.
Related violations: <none>


