#-----------------------------------------------------------
# Vivado v2023.2 (64-bit)
# SW Build 4029153 on Fri Oct 13 20:14:34 MDT 2023
# IP Build 4028589 on Sat Oct 14 00:45:43 MDT 2023
# SharedData Build 4025554 on Tue Oct 10 17:18:54 MDT 2023
# Start of session at: Sun Mar 31 10:40:39 2024
# Process ID: 2824
# Current directory: C:/larry_delivery/Latest
# Command line: vivado.exe -gui_launcher_event rodinguilauncherevent2972 C:\larry_delivery\Latest\Latest.xpr
# Log file: C:/larry_delivery/Latest/vivado.log
# Journal file: C:/larry_delivery/Latest\vivado.jou
# Running On: LAPTOP-81E1PH83, OS: Windows, CPU Frequency: 3194 MHz, CPU Physical cores: 16, Host memory: 33551 MB
#-----------------------------------------------------------
start_gui
open_project C:/larry_delivery/Latest/Latest.xpr

launch_simulation
open_wave_config C:/larry_delivery/Latest/design_1_wrapper_behav.wcfg
source testbench.tcl
update_compile_order -fileset sources_1
current_wave_config {design_1_wrapper_behav.wcfg}
add_wave {{/testbench/DUT/design_1_i/custom_slave_v1_0_S0_0/inst/control_0}} 
save_wave_config {C:/larry_delivery/Latest/design_1_wrapper_behav.wcfg}
close_sim
launch_simulation
open_wave_config C:/larry_delivery/Latest/design_1_wrapper_behav.wcfg
source testbench.tcl
run all
close_sim
launch_simulation
open_wave_config C:/larry_delivery/Latest/design_1_wrapper_behav.wcfg
source testbench.tcl
close_sim
launch_simulation
launch_simulation
launch_simulation
launch_simulation
launch_simulation
open_wave_config C:/larry_delivery/Latest/design_1_wrapper_behav.wcfg
source testbench.tcl
save_wave_config {C:/larry_delivery/Latest/design_1_wrapper_behav.wcfg}
close_sim
launch_simulation
launch_simulation
launch_simulation
launch_simulation
open_wave_config C:/larry_delivery/Latest/design_1_wrapper_behav.wcfg
source testbench.tcl
open_bd_design {C:/larry_delivery/Latest/Latest.srcs/sources_1/bd/design_1/design_1.bd}
update_module_reference design_1_custom_slave_v1_0_S0_0_0
update_module_reference design_1_custom_slave_v1_0_S0_0_0
disconnect_bd_net /custom_slave_0_target_base_addr [get_bd_pins custom_slave_v1_0_S0_0/read_addr]
connect_bd_net [get_bd_pins custom_slave_v1_0_S0_0/addr_fifo_din] [get_bd_pins fifo_generator_1/din]
disconnect_bd_net /testbench_pattern_gen_0_wr_en [get_bd_pins util_vector_logic_4/Res]
connect_bd_net [get_bd_pins custom_slave_v1_0_S0_0/addr_fifo_wr] [get_bd_pins fifo_generator_1/wr_en]
save_bd_design
update_module_reference design_1_custom_slave_v1_0_S0_0_0
update_module_reference design_1_custom_slave_v1_0_S0_0_0
set_property is_enabled false [get_files  C:/larry_delivery/Driver/driver_cntrl.v]
launch_runs impl_1 -jobs 16
wait_on_run impl_1
open_run impl_1
open_bd_design {C:/larry_delivery/Latest/Latest.srcs/sources_1/bd/design_1/design_1.bd}
regenerate_bd_layout
close_sim
launch_simulation
launch_simulation
launch_simulation
add_files -norecurse C:/larry_delivery/control.v
update_compile_order -fileset sources_1
export_ip_user_files -of_objects  [get_files C:/larry_delivery/Driver/driver_cntrl.v] -no_script -reset -force -quiet
remove_files  C:/larry_delivery/Driver/driver_cntrl.v
update_module_reference design_1_custom_slave_v1_0_S0_0_0
update_compile_order -fileset sources_1
update_module_reference design_1_custom_slave_v1_0_S0_0_0
generate_target all [get_files  C:/larry_delivery/Latest/Latest.srcs/sources_1/bd/design_1/design_1.bd]
catch { config_ip_cache -export [get_ips -all design_1_system_ila_0_1] }
catch { config_ip_cache -export [get_ips -all design_1_system_ila_1_1] }
catch { config_ip_cache -export [get_ips -all design_1_custom_slave_v1_0_S0_0_0] }
export_ip_user_files -of_objects [get_files C:/larry_delivery/Latest/Latest.srcs/sources_1/bd/design_1/design_1.bd] -no_script -sync -force -quiet
create_ip_run [get_files -of_objects [get_fileset sources_1] C:/larry_delivery/Latest/Latest.srcs/sources_1/bd/design_1/design_1.bd]
launch_runs design_1_custom_slave_v1_0_S0_0_0_synth_1 -jobs 16
reset_run design_1_custom_slave_v1_0_S0_0_0_synth_1
generate_target all [get_files  C:/larry_delivery/Latest/Latest.srcs/sources_1/bd/design_1/design_1.bd]
catch { config_ip_cache -export [get_ips -all design_1_custom_slave_v1_0_S0_0_0] }
export_ip_user_files -of_objects [get_files C:/larry_delivery/Latest/Latest.srcs/sources_1/bd/design_1/design_1.bd] -no_script -sync -force -quiet
create_ip_run [get_files -of_objects [get_fileset sources_1] C:/larry_delivery/Latest/Latest.srcs/sources_1/bd/design_1/design_1.bd]
launch_runs design_1_custom_slave_v1_0_S0_0_0_synth_1 -jobs 16
wait_on_run design_1_custom_slave_v1_0_S0_0_0_synth_1
export_simulation -of_objects [get_files C:/larry_delivery/Latest/Latest.srcs/sources_1/bd/design_1/design_1.bd] -directory C:/larry_delivery/Latest/Latest.ip_user_files/sim_scripts -ip_user_files_dir C:/larry_delivery/Latest/Latest.ip_user_files -ipstatic_source_dir C:/larry_delivery/Latest/Latest.ip_user_files/ipstatic -lib_map_path [list {modelsim=C:/larry_delivery/Latest/Latest.cache/compile_simlib/modelsim} {questa=C:/larry_delivery/Latest/Latest.cache/compile_simlib/questa} {riviera=C:/larry_delivery/Latest/Latest.cache/compile_simlib/riviera} {activehdl=C:/larry_delivery/Latest/Latest.cache/compile_simlib/activehdl}] -use_ip_compiled_libs -force -quiet
update_module_reference design_1_custom_slave_v1_0_S0_0_0
update_module_reference design_1_master_custom_v1_0_M_0_0
generate_target all [get_files  C:/larry_delivery/Latest/Latest.srcs/sources_1/bd/design_1/design_1.bd]
catch { config_ip_cache -export [get_ips -all design_1_system_ila_0_1] }
catch { config_ip_cache -export [get_ips -all design_1_system_ila_1_1] }
catch { config_ip_cache -export [get_ips -all design_1_master_custom_v1_0_M_0_0] }
catch { config_ip_cache -export [get_ips -all design_1_custom_slave_v1_0_S0_0_0] }
export_ip_user_files -of_objects [get_files C:/larry_delivery/Latest/Latest.srcs/sources_1/bd/design_1/design_1.bd] -no_script -sync -force -quiet
create_ip_run [get_files -of_objects [get_fileset sources_1] C:/larry_delivery/Latest/Latest.srcs/sources_1/bd/design_1/design_1.bd]
launch_runs design_1_custom_slave_v1_0_S0_0_0_synth_1 design_1_master_custom_v1_0_M_0_0_synth_1 -jobs 16
wait_on_run design_1_custom_slave_v1_0_S0_0_0_synth_1
wait_on_run design_1_master_custom_v1_0_M_0_0_synth_1
export_simulation -of_objects [get_files C:/larry_delivery/Latest/Latest.srcs/sources_1/bd/design_1/design_1.bd] -directory C:/larry_delivery/Latest/Latest.ip_user_files/sim_scripts -ip_user_files_dir C:/larry_delivery/Latest/Latest.ip_user_files -ipstatic_source_dir C:/larry_delivery/Latest/Latest.ip_user_files/ipstatic -lib_map_path [list {modelsim=C:/larry_delivery/Latest/Latest.cache/compile_simlib/modelsim} {questa=C:/larry_delivery/Latest/Latest.cache/compile_simlib/questa} {riviera=C:/larry_delivery/Latest/Latest.cache/compile_simlib/riviera} {activehdl=C:/larry_delivery/Latest/Latest.cache/compile_simlib/activehdl}] -use_ip_compiled_libs -force -quiet
create_bd_cell -type module -reference master_custom_v1_0_M00_AXI master_custom_v1_0_M_1
save_bd_design
delete_bd_objs [get_bd_cells master_custom_v1_0_M_1]
save_bd_design
regenerate_bd_layout
generate_target Simulation [get_files C:/larry_delivery/Latest/Latest.srcs/sources_1/bd/design_1/design_1.bd]
export_ip_user_files -of_objects [get_files C:/larry_delivery/Latest/Latest.srcs/sources_1/bd/design_1/design_1.bd] -no_script -sync -force -quiet
export_simulation -of_objects [get_files C:/larry_delivery/Latest/Latest.srcs/sources_1/bd/design_1/design_1.bd] -directory C:/larry_delivery/Latest/Latest.ip_user_files/sim_scripts -ip_user_files_dir C:/larry_delivery/Latest/Latest.ip_user_files -ipstatic_source_dir C:/larry_delivery/Latest/Latest.ip_user_files/ipstatic -lib_map_path [list {modelsim=C:/larry_delivery/Latest/Latest.cache/compile_simlib/modelsim} {questa=C:/larry_delivery/Latest/Latest.cache/compile_simlib/questa} {riviera=C:/larry_delivery/Latest/Latest.cache/compile_simlib/riviera} {activehdl=C:/larry_delivery/Latest/Latest.cache/compile_simlib/activehdl}] -use_ip_compiled_libs -force -quiet
launch_simulation
open_wave_config C:/larry_delivery/Latest/design_1_wrapper_behav.wcfg
source testbench.tcl
open_bd_design {C:/larry_delivery/Latest/Latest.srcs/sources_1/bd/design_1/design_1.bd}
startgroup
set_property CONFIG.INTERFACE_MODE {PASS_THROUGH} [get_bd_cells axi_vip_0]
endgroup
connect_bd_intf_net -boundary_type upper [get_bd_intf_pins ps8_0_axi_periph/M00_AXI] [get_bd_intf_pins axi_vip_0/S_AXI]
assign_bd_address
save_bd_design
generate_target all [get_files  C:/larry_delivery/Latest/Latest.srcs/sources_1/bd/design_1/design_1.bd]
catch { config_ip_cache -export [get_ips -all design_1_system_ila_0_1] }
catch { config_ip_cache -export [get_ips -all design_1_system_ila_1_1] }
catch { config_ip_cache -export [get_ips -all design_1_axi_vip_0_0] }
export_ip_user_files -of_objects [get_files C:/larry_delivery/Latest/Latest.srcs/sources_1/bd/design_1/design_1.bd] -no_script -sync -force -quiet
create_ip_run [get_files -of_objects [get_fileset sources_1] C:/larry_delivery/Latest/Latest.srcs/sources_1/bd/design_1/design_1.bd]
launch_runs design_1_axi_vip_0_0_synth_1 design_1_system_ila_1_1_synth_1 -jobs 16
wait_on_run design_1_axi_vip_0_0_synth_1
wait_on_run design_1_system_ila_1_1_synth_1
export_simulation -of_objects [get_files C:/larry_delivery/Latest/Latest.srcs/sources_1/bd/design_1/design_1.bd] -directory C:/larry_delivery/Latest/Latest.ip_user_files/sim_scripts -ip_user_files_dir C:/larry_delivery/Latest/Latest.ip_user_files -ipstatic_source_dir C:/larry_delivery/Latest/Latest.ip_user_files/ipstatic -lib_map_path [list {modelsim=C:/larry_delivery/Latest/Latest.cache/compile_simlib/modelsim} {questa=C:/larry_delivery/Latest/Latest.cache/compile_simlib/questa} {riviera=C:/larry_delivery/Latest/Latest.cache/compile_simlib/riviera} {activehdl=C:/larry_delivery/Latest/Latest.cache/compile_simlib/activehdl}] -use_ip_compiled_libs -force -quiet
close_sim
launch_simulation
startgroup
set_property CONFIG.INTERFACE_MODE {MASTER} [get_bd_cells axi_vip_0]
delete_bd_objs [get_bd_intf_nets ps8_0_axi_periph_M00_AXI1]
endgroup
save_bd_design
generate_target all [get_files  C:/larry_delivery/Latest/Latest.srcs/sources_1/bd/design_1/design_1.bd]
delete_bd_objs [get_bd_addr_segs] [get_bd_addr_segs -excluded]
assign_bd_address
generate_target all [get_files  C:/larry_delivery/Latest/Latest.srcs/sources_1/bd/design_1/design_1.bd]
catch { config_ip_cache -export [get_ips -all design_1_system_ila_0_1] }
catch { config_ip_cache -export [get_ips -all design_1_system_ila_1_1] }
catch { [ delete_ip_run [get_ips -all design_1_system_ila_1_1] ] }
catch { config_ip_cache -export [get_ips -all design_1_axi_vip_0_0] }
export_ip_user_files -of_objects [get_files C:/larry_delivery/Latest/Latest.srcs/sources_1/bd/design_1/design_1.bd] -no_script -sync -force -quiet
create_ip_run [get_files -of_objects [get_fileset sources_1] C:/larry_delivery/Latest/Latest.srcs/sources_1/bd/design_1/design_1.bd]
launch_runs design_1_axi_vip_0_0_synth_1 -jobs 16
wait_on_run design_1_axi_vip_0_0_synth_1
export_simulation -of_objects [get_files C:/larry_delivery/Latest/Latest.srcs/sources_1/bd/design_1/design_1.bd] -directory C:/larry_delivery/Latest/Latest.ip_user_files/sim_scripts -ip_user_files_dir C:/larry_delivery/Latest/Latest.ip_user_files -ipstatic_source_dir C:/larry_delivery/Latest/Latest.ip_user_files/ipstatic -lib_map_path [list {modelsim=C:/larry_delivery/Latest/Latest.cache/compile_simlib/modelsim} {questa=C:/larry_delivery/Latest/Latest.cache/compile_simlib/questa} {riviera=C:/larry_delivery/Latest/Latest.cache/compile_simlib/riviera} {activehdl=C:/larry_delivery/Latest/Latest.cache/compile_simlib/activehdl}] -use_ip_compiled_libs -force -quiet
update_files -from_files C:/larry_delivery/driver_cntrl.v -to_files C:/larry_delivery/control.v -filesets [get_filesets *]
update_module_reference design_1_custom_slave_v1_0_S0_0_0
update_module_reference design_1_custom_slave_v1_0_S0_0_0
generate_target all [get_files  C:/larry_delivery/Latest/Latest.srcs/sources_1/bd/design_1/design_1.bd]
catch { config_ip_cache -export [get_ips -all design_1_system_ila_0_1] }
catch { config_ip_cache -export [get_ips -all design_1_system_ila_1_1] }
catch { config_ip_cache -export [get_ips -all design_1_custom_slave_v1_0_S0_0_0] }
export_ip_user_files -of_objects [get_files C:/larry_delivery/Latest/Latest.srcs/sources_1/bd/design_1/design_1.bd] -no_script -sync -force -quiet
create_ip_run [get_files -of_objects [get_fileset sources_1] C:/larry_delivery/Latest/Latest.srcs/sources_1/bd/design_1/design_1.bd]
launch_runs design_1_custom_slave_v1_0_S0_0_0_synth_1 -jobs 16
wait_on_run design_1_custom_slave_v1_0_S0_0_0_synth_1
export_simulation -of_objects [get_files C:/larry_delivery/Latest/Latest.srcs/sources_1/bd/design_1/design_1.bd] -directory C:/larry_delivery/Latest/Latest.ip_user_files/sim_scripts -ip_user_files_dir C:/larry_delivery/Latest/Latest.ip_user_files -ipstatic_source_dir C:/larry_delivery/Latest/Latest.ip_user_files/ipstatic -lib_map_path [list {modelsim=C:/larry_delivery/Latest/Latest.cache/compile_simlib/modelsim} {questa=C:/larry_delivery/Latest/Latest.cache/compile_simlib/questa} {riviera=C:/larry_delivery/Latest/Latest.cache/compile_simlib/riviera} {activehdl=C:/larry_delivery/Latest/Latest.cache/compile_simlib/activehdl}] -use_ip_compiled_libs -force -quiet
launch_simulation
open_wave_config C:/larry_delivery/Latest/design_1_wrapper_behav.wcfg
source testbench.tcl
save_wave_config {C:/larry_delivery/Latest/design_1_wrapper_behav.wcfg}
restart
run 100 ns
run 100 ns
run 100 ns
run 100 ns
run 100 ns
run 100 ns
run 100 ns
save_wave_config {C:/larry_delivery/Latest/design_1_wrapper_behav.wcfg}
restart
run 100 ns
run 100 ns
run 100 ns
run 100 ns
run 100 ns
run 100 ns
run 100 ns
save_wave_config {C:/larry_delivery/Latest/design_1_wrapper_behav.wcfg}
update_files -from_files C:/larry_delivery/Driver/driver_cntrl.v -to_files C:/larry_delivery/driver_cntrl.v -filesets [get_filesets *]
close_sim
launch_simulation
open_wave_config C:/larry_delivery/Latest/design_1_wrapper_behav.wcfg
source testbench.tcl
update_module_reference design_1_custom_slave_v1_0_S0_0_0
update_module_reference design_1_custom_slave_v1_0_S0_0_0
generate_target all [get_files  C:/larry_delivery/Latest/Latest.srcs/sources_1/bd/design_1/design_1.bd]
catch { config_ip_cache -export [get_ips -all design_1_system_ila_0_1] }
catch { config_ip_cache -export [get_ips -all design_1_system_ila_1_1] }
catch { config_ip_cache -export [get_ips -all design_1_custom_slave_v1_0_S0_0_0] }
export_ip_user_files -of_objects [get_files C:/larry_delivery/Latest/Latest.srcs/sources_1/bd/design_1/design_1.bd] -no_script -sync -force -quiet
create_ip_run [get_files -of_objects [get_fileset sources_1] C:/larry_delivery/Latest/Latest.srcs/sources_1/bd/design_1/design_1.bd]
launch_runs design_1_custom_slave_v1_0_S0_0_0_synth_1 -jobs 16
wait_on_run design_1_custom_slave_v1_0_S0_0_0_synth_1
export_simulation -of_objects [get_files C:/larry_delivery/Latest/Latest.srcs/sources_1/bd/design_1/design_1.bd] -directory C:/larry_delivery/Latest/Latest.ip_user_files/sim_scripts -ip_user_files_dir C:/larry_delivery/Latest/Latest.ip_user_files -ipstatic_source_dir C:/larry_delivery/Latest/Latest.ip_user_files/ipstatic -lib_map_path [list {modelsim=C:/larry_delivery/Latest/Latest.cache/compile_simlib/modelsim} {questa=C:/larry_delivery/Latest/Latest.cache/compile_simlib/questa} {riviera=C:/larry_delivery/Latest/Latest.cache/compile_simlib/riviera} {activehdl=C:/larry_delivery/Latest/Latest.cache/compile_simlib/activehdl}] -use_ip_compiled_libs -force -quiet
update_module_reference design_1_custom_slave_v1_0_S0_0_0
close_sim
